{"tool":"pest","result":"passed","tests":1,"passed":1,"assertions":1,"duration_ms":151}
